// Jest Snapshot v1, https://goo.gl/fbAQLP

exports[`Entry file Should render app component properly 1`] = `<App />`;
