// Jest Snapshot v1, https://goo.gl/fbAQLP

exports[`Login Screen tests Should render login component properly 1`] = `<LoginScreen />`;
